// Jest Snapshot v1, https://goo.gl/fbAQLP

exports[`should take a snapshot 1`] = `
<DocumentFragment>
  <div
    class="author"
  >
    <h1>
      JULIAN BELMONTE
    </h1>
    <img
      alt="Author"
      src="julian.jpg"
    />
    <div
      class="portfolioLink"
    >
      <a
        href="https://jucora.github.io/"
        rel="noopener noreferrer"
        target="_blank"
      >
        <h2>
          Please visit my portfolio
        </h2>
      </a>
    </div>
  </div>
</DocumentFragment>
`;
