// Jest Snapshot v1, https://goo.gl/fbAQLP

exports[`HeroForm main structure should take a snapshot 1`] = `
<DocumentFragment>
  <div>
    <div
      class="searchHeroInput"
    >
      <h3
        class="searchTitle"
      >
        SEARCH BY NAME
      </h3>
      <input
        id=""
        name="heroName"
        placeholder="Hero Name"
        type="text"
        value=""
      />
      <button
        class="submitButton"
        type="submit"
        value="SUBMIT"
      >
        SEARCH
      </button>
    </div>
  </div>
</DocumentFragment>
`;
